server/collection/ValidateParams.class
server/commands/Command.class
common/Coordinates.class
server/ServerNetworkService.class
server/collection/VehicleManager.class
common/CommandResponse.class
server/commands/RemoveByID.class
common/Vehicle.class
server/commands/ClearCommand.class
common/CommandType.class
server/commands/AddCommand.class
server/commands/FilterLessThatType.class
server/commands/ShowCommand.class
server/AllCommands.class
server/commands/CommandsList.class
server/commands/SortCommand.class
common/ReturnCode.class
common/ResponseSender.class
common/VehicleType.class
server/collection/VehicleCollection.class
server/Invoker.class
server/commands/PrintDescendingCommand.class
server/commands/SaveCommand.class
server/collection/VehicleAdder.class
server/collection/VehicleSaver.class
server/NetworkResponseSender.class
server/VehicleFormatter.class
server/commands/AddIfMax.class
server/commands/GroupByCommand.class
server/commands/UpdateElementID.class
server/ServerApp.class
server/commands/HelpCommand.class
server/commands/CompareByEnginePowerCommand.class
common/CommandRequest.class
server/CommandParams.class
common/Serializer.class
server/commands/ShuffleCommand.class
server/collection/GroupingField.class
server/commands/InfoCommand.class
server/collection/VehicleRandom.class
common/FuelType.class
